Info in <TGeoManager::TGeoManager>: Geometry VGM Root geometry, VGM Root geometry created
Warning in <TGeoManager::Init>: Deleting previous geometry: VGM Root geometry/VGM Root geometry
Info in <TGeoManager::TGeoManager>: Geometry Test, Test geometry via Root created
Root geometry will be defined via Root and exported to Geant4

*************************************************************
 Geant4 version Name: geant4-09-06-ref-00    (30-November-2012)
                      Copyright : Geant4 Collaboration
                      Reference : NIM A 506 (2003), 250-303
                            WWW : http://cern.ch/geant4
*************************************************************

Info in <TGeoManager::SetTopVolume>: Top volume is world. Master volume is world
Info in <TGeoNavigator::BuildCache>: --- Maximum geometry depth set to 100
TestSolids finished
Go to Import
Info in <TGeoManager::Export>: Exporting Test Test geometry via Root as root file. Optimizations streamed.
VGM info:   RootGM::Factory::Import started ...
VGM info:   Importing material: 
VGM info:   Material Basic    A=26.98 Z=13 rho=2.7 radlen=8.8751 intlen=38.8622 index=0
VGM info:   Importing element: from material
VGM info:   Element: AL      Z=13   N=27.000000   A=26.981538 [g/mole]
VGM info:   Importing material: 
VGM info:   Mixture Air    Aeff=14.607 Zeff=7.3 rho=0.00129 radlen=28405.7 intlen=66278.6 index=1
   Element #0 : N  Z=  7.00 A= 14.01 w= 0.700
   Element #1 : O  Z=  8.00 A= 16.00 w= 0.300
VGM info:   Importing element: from material
VGM info:   Element: N      Z=7   N=14.000000   A=14.006740 [g/mole]
VGM info:   Importing element: from material
VGM info:   Element: O      Z=8   N=16.000000   A=15.999400 [g/mole]
VGM info:   Importing material: 
VGM info:   Mixture Scintillator    Aeff=11.0723 Zeff=5.57354 rho=1.032 radlen=42.132 intlen=70.1007 index=2
   Element #0 : C  Z=  6.00 A= 12.01 w= 0.915 natoms=9
   Element #1 : H  Z=  1.00 A=  1.01 w= 0.085 natoms=10
VGM info:   Importing element: from element object
VGM info:   Element: C      Z=6   N=12.000000   A=12.010700 [g/mole]
VGM info:   Importing element: from element object
VGM info:   Element: H      Z=1   N=1.000000   A=1.007940 [g/mole]
VGM info:   Importing material: 
VGM info:   Material Uranium    A=235.312 Z=92 rho=13.61 radlen=0.436288 intlen=15.8771 index=3
VGM info:   Importing isotope: 
VGM info:   Isotope: U235     Z=92   N=235   A=235.010000 [g/mole]
VGM info:   Importing isotope: 
VGM info:   Isotope: U238     Z=92   N=238   A=238.030000 [g/mole]
VGM info:   Importing element: from element object
VGM info:   Element: enriched Uranium      Z=92   N=235.300000   A=235.312000 [g/mole]
=>Isotope U235, abundance=0.900000 :
Isotope: U235     Z=92   N=235   A=235.010000 [g/mole]
=>Isotope U238, abundance=0.100000 :
Isotope: U238     Z=92   N=238   A=238.030000 [g/mole]
VGM info:   Importing material: 
VGM info:   Material Vacuum    A=0 Z=0 rho=0 radlen=1e+30 intlen=1e+30 index=4
VGM info:   Importing element: from element object
VGM info:   Element: VACUUM      Z=0   N=0.000000   A=0.000000 [g/mole]
VGM info:   Importing material: 
VGM info:   Material Tungsten    A=183.84 Z=74 rho=19.25 radlen=0.351617 intlen=10.3323 index=5
VGM info:   Importing element: from element object
VGM info:   Element: W      Z=74   N=184.000000   A=183.840000 [g/mole]
VGM info:   Importing medium: 
VGM info:   OBJ: TGeoMedium	Basic	
VGM info:   Importing medium: 
VGM info:   OBJ: TGeoMedium	Air	
VGM info:   Importing medium: 
VGM info:   OBJ: TGeoMedium	Scintillator	
VGM info:   Importing medium: 
VGM info:   OBJ: TGeoMedium	Uranium	
VGM info:   Importing medium: 
VGM info:   OBJ: TGeoMedium	Vacuum	
VGM info:   Importing medium: 
VGM info:   OBJ: TGeoMedium	Tungsten	
VGM info:   Importing volume: world
VGM info:   Importing shape: worldS
VGM info:      Imported solid: Box  "worldS"  hx = 6200mm  hy = 3000mm  hz = 2000mm
VGM info:   ImportDaughters for world
VGM info:   Importing volume: box
VGM info:   Importing shape: boxS
VGM info:      Imported solid: Box  "boxS"  hx = 200mm  hy = 600mm  hz = 500mm
VGM info:   ImportDaughters for box
VGM info:   Importing volume: cons
VGM info:   Importing shape: consS
VGM info:      Imported solid: Cons  "consS"  rin1 = 100mm  rout1 = 400mm  rin2 = 200mm  rout2 = 600mm  hz = 500mm  sphi = 0deg  dphi = 360deg
VGM info:   ImportDaughters for cons
VGM info:   Importing volume: eltu
VGM info:   Importing shape: eltuS
VGM info:      Imported solid: Eltu  "eltuS"  dx = 200mm  dy = 300mm  hz = 500mm
VGM info:   ImportDaughters for eltu
VGM info:   Importing volume: para
VGM info:   Importing shape: paraS
VGM info:      Imported solid: Para  "paraS"  hx = 400mm  hy = 600mm  hz = 500mm  alpha = 30deg  theta = 30deg  phi = 30deg
VGM info:   ImportDaughters for para
VGM info:   Importing volume: pcone
VGM info:   Importing shape: pconeS
VGM info:      Imported solid: Polycone  "pconeS"  sphi = 0deg  dphi = 360deg  nz = 3
   0th plane:  z = -500mm rin = 100mm rout = 500mm
   1th plane:  z = 100mm rin = 200mm rout = 300mm
   2th plane:  z = 400mm rin = 300mm rout = 600mm
VGM info:   ImportDaughters for pcone
VGM info:   Importing volume: phedra
VGM info:   Importing shape: phedraS
VGM info:      Imported solid: Polygone  "phedraS"  sphi = 0deg  dphi = 360deg  nsides = 4  nz = 3
   0th plane:  z = -500mm rin = 100mm rout = 400mm
   1th plane:  z = 100mm rin = 200mm rout = 200mm
   2th plane:  z = 400mm rin = 300mm rout = 500mm
VGM info:   ImportDaughters for phedra
VGM info:   Importing volume: sphere
VGM info:   Importing shape: sphereS
VGM info:      Imported solid: Sphere  "sphereS"  rin = 200mm  rout = 600mm  sphi = 0deg  dphi = 360deg  stheta = 0deg  dtheta = 180deg
VGM info:   ImportDaughters for sphere
VGM info:   Importing volume: torus
VGM info:   Importing shape: torusS
VGM info:      Imported solid: Torus  "torusS"  rin = 200mm  rout = 300mm  rtor = 400mm  sphi = 0deg  dphi = 360deg
VGM info:   ImportDaughters for torus
VGM info:   Importing volume: trap
VGM info:   Importing shape: trapS
VGM info:      Imported solid: Trap  "trapS"  hz = 300mm  theta = 25deg  phi = 35deg  hy1 = 200mm  hx1 = 100mm  hx2 = 150mm  alpha1 = 0deg  hy2 = 200mm  hx3 = 100mm  hx4 = 150mm  alpha2 = 0deg
VGM info:   ImportDaughters for trap
VGM info:   Importing volume: trd
VGM info:   Importing shape: trdS
VGM info:      Imported solid: Trd  "trdS"  hx1 = 200mm  hx2 = 300mm  hy1 = 400mm  hy2 = 500mm  hz = 500mm
VGM info:   ImportDaughters for trd
VGM info:   Importing volume: tubs
VGM info:   Importing shape: tubsS
VGM info:      Imported solid: Tubs  "tubsS"  rin = 200mm  rout = 400mm  hz = 500mm  sphi = 0deg  dphi = 360deg
VGM info:   ImportDaughters for tubs
VGM info:   Importing volume: ctubs
VGM info:   Importing shape: ctubsS
VGM info:      Imported solid: Ctubs  "ctubsS"  rin = 200mm  rout = 300mm  hz = 604.9mm  sphi = 330deg  dphi = 280deg  nlow = (0, 0.64, -0.77)  nhigh = (0, 0.09, 0.87)
VGM info:   ImportDaughters for ctubs
VGM info:   Importing volume: xtru1
VGM info:   Importing shape: TGeoXtru
VGM info:      Imported solid: Extruded  "TGeoXtru"
Polygon,  8 vertices:
  (-300, -300)  (-300, 300)  (300, 300)  (300, -300)  (150, -300)  (150, 150)  (-150, 150)  (-150, -300) mm
Planes:
  z = -400 mm    x0 = -200 mm    y0 = 100 mm    scale= 1.5
  z = 100 mm    x0 = 0 mm    y0 = 0 mm    scale= 0.5
  z = 150 mm    x0 = 0 mm    y0 = 0 mm    scale= 0.7
  z = 400 mm    x0 = 200 mm    y0 = 200 mm    scale= 0.9

VGM info:   ImportDaughters for xtru1
VGM info:   Importing volume: xtru2
VGM info:   Importing shape: TGeoXtru
VGM info:      Imported solid: Extruded  "TGeoXtru"
Polygon,  8 vertices:
  (-300, -300)  (-300, 300)  (300, 300)  (300, -300)  (150, -300)  (150, 150)  (-150, 150)  (-150, -300) mm
Planes:
  z = -400 mm    x0 = -200 mm    y0 = 100 mm    scale= 1.5
  z = 100 mm    x0 = 0 mm    y0 = 0 mm    scale= 0.5
  z = 100 mm    x0 = 0 mm    y0 = 0 mm    scale= 0.7
  z = 400 mm    x0 = 200 mm    y0 = 200 mm    scale= 0.9

VGM info:   ImportDaughters for xtru2
VGM info:   Importing volume: hype
VGM info:   Importing shape: paraS
VGM info:      Imported solid: Hype  "paraS"  r1 = 200mm  stereo1 = 30deg  r2 = 300mm  stereo1 = 40deg  hz = 500mm
VGM info:   ImportDaughters for hype
VGM info:   Importing volume: paraboloid
VGM info:   Importing shape: paraboloidS
VGM info:      Imported solid: Paraboloid  "paraboloidS"  r1 = 200mm  r2 = 450mm  hz = 500mm
VGM info:   ImportDaughters for paraboloid
VGM info:   Import positions: 
VGM info:   0th volume: world  
VGM info:      0th daughter  rtNode = box_0  rtVol = box vgmPl = box vgmVol = box
VGM info:      1th daughter  rtNode = cons_0  rtVol = cons vgmPl = cons vgmVol = cons
VGM info:      2th daughter  rtNode = eltu_0  rtVol = eltu vgmPl = eltu vgmVol = eltu
VGM info:      3th daughter  rtNode = para_0  rtVol = para vgmPl = para vgmVol = para
VGM info:      4th daughter  rtNode = pcone_0  rtVol = pcone vgmPl = pcone vgmVol = pcone
VGM info:      5th daughter  rtNode = phedra_0  rtVol = phedra vgmPl = phedra vgmVol = phedra
VGM info:      6th daughter  rtNode = sphere_0  rtVol = sphere vgmPl = sphere vgmVol = sphere
VGM info:      7th daughter  rtNode = torus_0  rtVol = torus vgmPl = torus vgmVol = torus
VGM info:      8th daughter  rtNode = trap_0  rtVol = trap vgmPl = trap vgmVol = trap
VGM info:      9th daughter  rtNode = trd_0  rtVol = trd vgmPl = trd vgmVol = trd
VGM info:      10th daughter  rtNode = tubs_0  rtVol = tubs vgmPl = tubs vgmVol = tubs
VGM info:      11th daughter  rtNode = ctubs_0  rtVol = ctubs vgmPl = ctubs vgmVol = ctubs
VGM info:      12th daughter  rtNode = xtru1_0  rtVol = xtru1 vgmPl = xtru1 vgmVol = xtru1
VGM info:      13th daughter  rtNode = xtru2_0  rtVol = xtru2 vgmPl = xtru2 vgmVol = xtru2
VGM info:      14th daughter  rtNode = hype_0  rtVol = hype vgmPl = hype vgmVol = hype
VGM info:      15th daughter  rtNode = paraboloid_0  rtVol = paraboloid vgmPl = paraboloid vgmVol = paraboloid
VGM info:   1th volume: box  
VGM info:   2th volume: cons  
VGM info:   3th volume: eltu  
VGM info:   4th volume: para  
VGM info:   5th volume: pcone  
VGM info:   6th volume: phedra  
VGM info:   7th volume: sphere  
VGM info:   8th volume: torus  
VGM info:   9th volume: trap  
VGM info:   10th volume: trd  
VGM info:   11th volume: tubs  
VGM info:   12th volume: ctubs  
VGM info:   13th volume: xtru1  
VGM info:   14th volume: xtru2  
VGM info:   15th volume: hype  
VGM info:   16th volume: paraboloid  
VGM info:   
Root_GM_Factory factory solids store: 
   0th solid: Box  "worldS"  hx = 6200mm  hy = 3000mm  hz = 2000mm
   1th solid: Box  "boxS"  hx = 200mm  hy = 600mm  hz = 500mm
   2th solid: Cons  "consS"  rin1 = 100mm  rout1 = 400mm  rin2 = 200mm  rout2 = 600mm  hz = 500mm  sphi = 0deg  dphi = 360deg
   3th solid: Eltu  "eltuS"  dx = 200mm  dy = 300mm  hz = 500mm
   4th solid: Para  "paraS"  hx = 400mm  hy = 600mm  hz = 500mm  alpha = 30deg  theta = 30deg  phi = 30deg
   5th solid: Polycone  "pconeS"  sphi = 0deg  dphi = 360deg  nz = 3
   0th plane:  z = -500mm rin = 100mm rout = 500mm
   1th plane:  z = 100mm rin = 200mm rout = 300mm
   2th plane:  z = 400mm rin = 300mm rout = 600mm
   6th solid: Polygone  "phedraS"  sphi = 0deg  dphi = 360deg  nsides = 4  nz = 3
   0th plane:  z = -500mm rin = 100mm rout = 400mm
   1th plane:  z = 100mm rin = 200mm rout = 200mm
   2th plane:  z = 400mm rin = 300mm rout = 500mm
   7th solid: Sphere  "sphereS"  rin = 200mm  rout = 600mm  sphi = 0deg  dphi = 360deg  stheta = 0deg  dtheta = 180deg
   8th solid: Torus  "torusS"  rin = 200mm  rout = 300mm  rtor = 400mm  sphi = 0deg  dphi = 360deg
   9th solid: Trap  "trapS"  hz = 300mm  theta = 25deg  phi = 35deg  hy1 = 200mm  hx1 = 100mm  hx2 = 150mm  alpha1 = 0deg  hy2 = 200mm  hx3 = 100mm  hx4 = 150mm  alpha2 = 0deg
   10th solid: Trd  "trdS"  hx1 = 200mm  hx2 = 300mm  hy1 = 400mm  hy2 = 500mm  hz = 500mm
   11th solid: Tubs  "tubsS"  rin = 200mm  rout = 400mm  hz = 500mm  sphi = 0deg  dphi = 360deg
   12th solid: Ctubs  "ctubsS"  rin = 200mm  rout = 300mm  hz = 604.9mm  sphi = 330deg  dphi = 280deg  nlow = (0, 0.64, -0.77)  nhigh = (0, 0.09, 0.87)
   13th solid: Extruded  "TGeoXtru"
Polygon,  8 vertices:
  (-300, -300)  (-300, 300)  (300, 300)  (300, -300)  (150, -300)  (150, 150)  (-150, 150)  (-150, -300) mm
Planes:
  z = -400 mm    x0 = -200 mm    y0 = 100 mm    scale= 1.5
  z = 100 mm    x0 = 0 mm    y0 = 0 mm    scale= 0.5
  z = 150 mm    x0 = 0 mm    y0 = 0 mm    scale= 0.7
  z = 400 mm    x0 = 200 mm    y0 = 200 mm    scale= 0.9

   14th solid: Extruded  "TGeoXtru"
Polygon,  8 vertices:
  (-300, -300)  (-300, 300)  (300, 300)  (300, -300)  (150, -300)  (150, 150)  (-150, 150)  (-150, -300) mm
Planes:
  z = -400 mm    x0 = -200 mm    y0 = 100 mm    scale= 1.5
  z = 100 mm    x0 = 0 mm    y0 = 0 mm    scale= 0.5
  z = 100 mm    x0 = 0 mm    y0 = 0 mm    scale= 0.7
  z = 400 mm    x0 = 200 mm    y0 = 200 mm    scale= 0.9

   15th solid: Hype  "paraS"  r1 = 200mm  stereo1 = 30deg  r2 = 300mm  stereo1 = 40deg  hz = 500mm
   16th solid: Paraboloid  "paraboloidS"  r1 = 200mm  r2 = 450mm  hz = 500mm
Root_GM_Factory factory volumes store: 
   0th: Volume: "world" material "Basic" solid "Box"  16 daughters: "box"  "cons"  "eltu"  "para"  "pcone"  "phedra"  "sphere"  "torus"  "trap"  "trd"  "tubs"  "ctubs"  "xtru1"  "xtru2"  "hype"  "paraboloid"  
   1th: Volume: "box" material "Basic" solid "Box"  0 daughters: 
   2th: Volume: "cons" material "Basic" solid "Cons"  0 daughters: 
   3th: Volume: "eltu" material "Basic" solid "Eltu"  0 daughters: 
   4th: Volume: "para" material "Basic" solid "Para"  0 daughters: 
   5th: Volume: "pcone" material "Basic" solid "Polycone"  0 daughters: 
   6th: Volume: "phedra" material "Basic" solid "Polygone"  0 daughters: 
   7th: Volume: "sphere" material "Basic" solid "Sphere"  0 daughters: 
   8th: Volume: "torus" material "Basic" solid "Torus"  0 daughters: 
   9th: Volume: "trap" material "Basic" solid "Trap"  0 daughters: 
   10th: Volume: "trd" material "Basic" solid "Trd"  0 daughters: 
   11th: Volume: "tubs" material "Basic" solid "Tubs"  0 daughters: 
   12th: Volume: "ctubs" material "Basic" solid "Ctubs"  0 daughters: 
   13th: Volume: "xtru1" material "Basic" solid "Extruded"  0 daughters: 
   14th: Volume: "xtru2" material "Basic" solid "Extruded"  0 daughters: 
   15th: Volume: "hype" material "Basic" solid "Hype"  0 daughters: 
   16th: Volume: "paraboloid" material "Basic" solid "Paraboloid"  0 daughters: 
VGM info:   RootGM::Factory::Import finished.
Import finished
Go to export
VGM info:   Exporting isotope: 
VGM info:   Isotope: "U235"    Z = 92  N = 235  A = 235.01 g/mole
VGM info:   Exporting isotope: 
VGM info:   Isotope: "U238"    Z = 92  N = 238  A = 238.03 g/mole
VGM info:   Exporting element: 
VGM info:   Element: "ALUMINIUM"  "AL"  Z = 13  N = 26.98  A = 26.98 g/mole
VGM info:   Importing isotope: 
VGM info:    Isotope:  AL27   Z = 13   N =  27   A =  26.98 g/mole
VGM info:   Exporting element: 
VGM info:   Element: "NITROGEN"  "N"  Z = 7  N = 14.01  A = 14.01 g/mole
VGM info:   Importing isotope: 
VGM info:    Isotope:   N14   Z =  7   N =  14   A =  14.00 g/mole
VGM info:   Importing isotope: 
VGM info:    Isotope:   N15   Z =  7   N =  15   A =  15.00 g/mole
VGM info:   Exporting element: 
VGM info:   Element: "OXYGEN"  "O"  Z = 8  N = 16  A = 16 g/mole
VGM info:   Importing isotope: 
VGM info:    Isotope:   O16   Z =  8   N =  16   A =  15.99 g/mole
VGM info:   Importing isotope: 
VGM info:    Isotope:   O17   Z =  8   N =  17   A =  17.00 g/mole
VGM info:   Importing isotope: 
VGM info:    Isotope:   O18   Z =  8   N =  18   A =  18.00 g/mole
VGM info:   Exporting element: 
VGM info:   Element: "C"  "CARBON"  Z = 6  N = 12  A = 12.0107 g/mole
VGM info:   Importing isotope: 
VGM info:    Isotope: CARBON12   Z =  6   N =  12   A =  12.00 g/mole
VGM info:   Importing isotope: 
VGM info:    Isotope: CARBON13   Z =  6   N =  13   A =  13.00 g/mole
VGM info:   Exporting element: 
VGM info:   Element: "H"  "HYDROGEN"  Z = 1  N = 1  A = 1.00794 g/mole
VGM info:   Importing isotope: 
VGM info:    Isotope: HYDROGEN1   Z =  1   N =   1   A =   1.01 g/mole
VGM info:   Importing isotope: 
VGM info:    Isotope: HYDROGEN2   Z =  1   N =   2   A =   2.01 g/mole
VGM info:   Exporting element: 
VGM info:   Element: "enriched Uranium"  "U"  Z = 92  N = 235.3  A = 235.312 g/mole
     0th isotope: Isotope: "U235"    Z = 92  N = 235  A = 235.01 g/mole  abundance: 90%
     1th isotope: Isotope: "U238"    Z = 92  N = 238  A = 238.03 g/mole  abundance: 10%
VGM info:   Exporting element: 
VGM info:   Element: "VACUUM"  "VACUUM"  Z = 0  N = 0  A = 0 g/mole
VGM info:   Importing isotope: 
VGM info:    Isotope: VACUUM1   Z =  1   N =   1   A =   1.01 g/mole
VGM info:   Importing isotope: 
VGM info:    Isotope: VACUUM2   Z =  1   N =   2   A =   2.01 g/mole
VGM info:   Exporting element: 
VGM info:   Element: "W"  "TUNGSTEN"  Z = 74  N = 184  A = 183.84 g/mole
VGM info:   Importing isotope: 
VGM info:    Isotope: TUNGSTEN180   Z = 74   N = 180   A = 179.95 g/mole
VGM info:   Importing isotope: 
VGM info:    Isotope: TUNGSTEN182   Z = 74   N = 182   A = 181.95 g/mole
VGM info:   Importing isotope: 
VGM info:    Isotope: TUNGSTEN183   Z = 74   N = 183   A = 182.95 g/mole
VGM info:   Importing isotope: 
VGM info:    Isotope: TUNGSTEN184   Z = 74   N = 184   A = 183.95 g/mole
VGM info:   Importing isotope: 
VGM info:    Isotope: TUNGSTEN186   Z = 74   N = 186   A = 185.95 g/mole
VGM info:   Exporting material: 
VGM info:   Material: "Basic"  density 2.7 g/cm3  radlen 8.8751 cm  intlen 38.8622 cm  state "Undefined"  temperature 273.15 kelvin  pressure 1 atm
   0th element: Element: "ALUMINIUM"  "AL"  Z = 13  N = 26.98  A = 26.98 g/mole  Elm mass fraction: 100 %
VGM info:   Exporting material: 
VGM info:   Material: "Air"  density 0.00129 g/cm3  radlen 28405.7 cm  intlen 66278.6 cm  state "Undefined"  temperature 273.15 kelvin  pressure 1 atm
   0th element: Element: "NITROGEN"  "N"  Z = 7  N = 14.01  A = 14.01 g/mole  Elm mass fraction: 70 %
   1th element: Element: "OXYGEN"  "O"  Z = 8  N = 16  A = 16 g/mole  Elm mass fraction: 30 %
VGM info:   Exporting material: 
VGM info:   Material: "Scintillator"  density 1.032 g/cm3  radlen 42.132 cm  intlen 70.1007 cm  state "Undefined"  temperature 273.15 kelvin  pressure 1 atm
   0th element: Element: "C"  "CARBON"  Z = 6  N = 12  A = 12.0107 g/mole  Elm mass fraction: 91.4708 %
   1th element: Element: "H"  "HYDROGEN"  Z = 1  N = 1  A = 1.00794 g/mole  Elm mass fraction: 8.52916 %
VGM info:   Exporting material: 
VGM info:   Material: "Uranium"  density 13.61 g/cm3  radlen 0.436288 cm  intlen 15.8771 cm  state "Undefined"  temperature 273.15 kelvin  pressure 1 atm
   0th element: Element: "enriched Uranium"  "U"  Z = 92  N = 235.3  A = 235.312 g/mole
     0th isotope: Isotope: "U235"    Z = 92  N = 235  A = 235.01 g/mole  abundance: 90%
     1th isotope: Isotope: "U238"    Z = 92  N = 238  A = 238.03 g/mole  abundance: 10%  Elm mass fraction: 100 %
VGM info:   Exporting material: 
VGM info:   Material: "Vacuum"  density 0 g/cm3  radlen 1e+30 cm  intlen 1e+30 cm  state "Gas"  temperature 2.73 kelvin  pressure 2.96077e-23 atm
   0th element: Element: "VACUUM"  "VACUUM"  Z = 0  N = 0  A = 0 g/mole  Elm mass fraction: 100 %
VGM info:   Exporting material: 
VGM info:   Material: "Tungsten"  density 19.25 g/cm3  radlen 0.351617 cm  intlen 10.3323 cm  state "Undefined"  temperature 273.15 kelvin  pressure 1 atm
   0th element: Element: "W"  "TUNGSTEN"  Z = 74  N = 184  A = 183.84 g/mole  Elm mass fraction: 100 %
VGM info:   Exporting medium: 
VGM info:   Medium: "Basic"  material Basic g/cm3  parameters:  0  0  0  0  0  0  0  0  0  0  0  0  0  0  0  0  0  0  0  0
VGM info:   Exporting medium: 
VGM info:   Medium: "Air"  material Air g/cm3  parameters:  0  0  0  0  0  0  0  0  0  0  0  0  0  0  0  0  0  0  0  0
VGM info:   Exporting medium: 
VGM info:   Medium: "Scintillator"  material Scintillator g/cm3  parameters:  0  0  0  0  0  0  0  0  0  0  0  0  0  0  0  0  0  0  0  0
VGM info:   Exporting medium: 
VGM info:   Medium: "Uranium"  material Uranium g/cm3  parameters:  0  0  0  0  0  0  0  0  0  0  0  0  0  0  0  0  0  0  0  0
VGM info:   Exporting medium: 
VGM info:   Medium: "Vacuum"  material Vacuum g/cm3  parameters:  0  0  0  0  0  0  0  0  0  0  0  0  0  0  0  0  0  0  0  0
VGM info:   Exporting medium: 
VGM info:   Medium: "Tungsten"  material Tungsten g/cm3  parameters:  0  0  0  0  0  0  0  0  0  0  0  0  0  0  0  0  0  0  0  0
VGM info:   Exporting volume store: 
VGM info:      Exporting solid: 
VGM info:      Box  "worldS"  hx = 6200mm  hy = 3000mm  hz = 2000mm
VGM info:   Exporting volume:  0th  "world"  material: "Basic"
VGM info:      Exporting solid: 
VGM info:      Box  "boxS"  hx = 200mm  hy = 600mm  hz = 500mm
VGM info:   Exporting volume:  1th  "box"  material: "Basic"
VGM info:      Exporting solid: 
VGM info:      Cons  "consS"  rin1 = 100mm  rout1 = 400mm  rin2 = 200mm  rout2 = 600mm  hz = 500mm  sphi = 0deg  dphi = 360deg
VGM info:   Exporting volume:  2th  "cons"  material: "Basic"
VGM info:      Exporting solid: 
VGM info:      Eltu  "eltuS"  dx = 200mm  dy = 300mm  hz = 500mm
VGM info:   Exporting volume:  3th  "eltu"  material: "Basic"
VGM info:      Exporting solid: 
VGM info:      Para  "paraS"  hx = 400mm  hy = 600mm  hz = 500mm  alpha = 30deg  theta = 30deg  phi = 30deg
VGM info:   Exporting volume:  4th  "para"  material: "Basic"
VGM info:      Exporting solid: 
VGM info:      Polycone  "pconeS"  sphi = 0deg  dphi = 360deg  nz = 3
   0th plane:  z = -500mm rin = 100mm rout = 500mm
   1th plane:  z = 100mm rin = 200mm rout = 300mm
   2th plane:  z = 400mm rin = 300mm rout = 600mm
VGM info:   Exporting volume:  5th  "pcone"  material: "Basic"
VGM info:      Exporting solid: 
VGM info:      Polygone  "phedraS"  sphi = 0deg  dphi = 360deg  nsides = 4  nz = 3
   0th plane:  z = -500mm rin = 100mm rout = 400mm
   1th plane:  z = 100mm rin = 200mm rout = 200mm
   2th plane:  z = 400mm rin = 300mm rout = 500mm
VGM info:   Exporting volume:  6th  "phedra"  material: "Basic"
VGM info:      Exporting solid: 
VGM info:      Sphere  "sphereS"  rin = 200mm  rout = 600mm  sphi = 0deg  dphi = 360deg  stheta = 0deg  dtheta = 180deg
VGM info:   Exporting volume:  7th  "sphere"  material: "Basic"
VGM info:      Exporting solid: 
VGM info:      Torus  "torusS"  rin = 200mm  rout = 300mm  rtor = 400mm  sphi = 0deg  dphi = 360deg
VGM info:   Exporting volume:  8th  "torus"  material: "Basic"
VGM info:      Exporting solid: 
VGM info:      Trap  "trapS"  hz = 300mm  theta = 25deg  phi = 35deg  hy1 = 200mm  hx1 = 100mm  hx2 = 150mm  alpha1 = 0deg  hy2 = 200mm  hx3 = 100mm  hx4 = 150mm  alpha2 = 0deg
VGM info:   Exporting volume:  9th  "trap"  material: "Basic"
VGM info:      Exporting solid: 
VGM info:      Trd  "trdS"  hx1 = 200mm  hx2 = 300mm  hy1 = 400mm  hy2 = 500mm  hz = 500mm
VGM info:   Exporting volume:  10th  "trd"  material: "Basic"
VGM info:      Exporting solid: 
VGM info:      Tubs  "tubsS"  rin = 200mm  rout = 400mm  hz = 500mm  sphi = 0deg  dphi = 360deg
VGM info:   Exporting volume:  11th  "tubs"  material: "Basic"
VGM info:      Exporting solid: 
VGM info:      Ctubs  "ctubsS"  rin = 200mm  rout = 300mm  hz = 604.9mm  sphi = 330deg  dphi = 280deg  nlow = (0, 0.64, -0.77)  nhigh = (0, 0.09, 0.87)
VGM info:   Exporting volume:  12th  "ctubs"  material: "Basic"
VGM info:      Exporting solid: 
VGM info:      Extruded  "TGeoXtru"
Polygon,  8 vertices:
  (-300, -300)  (-300, 300)  (300, 300)  (300, -300)  (150, -300)  (150, 150)  (-150, 150)  (-150, -300) mm
Planes:
  z = -400 mm    x0 = -200 mm    y0 = 100 mm    scale= 1.5
  z = 100 mm    x0 = 0 mm    y0 = 0 mm    scale= 0.5
  z = 150 mm    x0 = 0 mm    y0 = 0 mm    scale= 0.7
  z = 400 mm    x0 = 200 mm    y0 = 200 mm    scale= 0.9

VGM info:   Exporting volume:  13th  "xtru1"  material: "Basic"
VGM info:      Exporting solid: 
VGM info:      Extruded  "TGeoXtru"
Polygon,  8 vertices:
  (-300, -300)  (-300, 300)  (300, 300)  (300, -300)  (150, -300)  (150, 150)  (-150, 150)  (-150, -300) mm
Planes:
  z = -400 mm    x0 = -200 mm    y0 = 100 mm    scale= 1.5
  z = 100 mm    x0 = 0 mm    y0 = 0 mm    scale= 0.5
  z = 100 mm    x0 = 0 mm    y0 = 0 mm    scale= 0.7
  z = 400 mm    x0 = 200 mm    y0 = 200 mm    scale= 0.9

VGM info:   Exporting volume:  14th  "xtru2"  material: "Basic"
VGM info:      Exporting solid: 
VGM info:      Hype  "paraS"  r1 = 200mm  stereo1 = 30deg  r2 = 300mm  stereo1 = 40deg  hz = 500mm
VGM info:   Exporting volume:  15th  "hype"  material: "Basic"
VGM info:      Exporting solid: 
VGM info:      Paraboloid  "paraboloidS"  r1 = 200mm  r2 = 450mm  hz = 500mm
VGM info:   Exporting volume:  16th  "paraboloid"  material: "Basic"
VGM info:   ExportPlacements for 0th volume world
VGM info:      0th daughter vol = box  simple placement: box
VGM info:      1th daughter vol = cons  simple placement: cons
VGM info:      2th daughter vol = eltu  simple placement: eltu
VGM info:      3th daughter vol = para  simple placement: para
VGM info:      4th daughter vol = pcone  simple placement: pcone
VGM info:      5th daughter vol = phedra  simple placement: phedra
VGM info:      6th daughter vol = sphere  simple placement: sphere
VGM info:      7th daughter vol = torus  simple placement: torus
VGM info:      8th daughter vol = trap  simple placement: trap
VGM info:      9th daughter vol = trd  simple placement: trd
VGM info:      10th daughter vol = tubs  simple placement: tubs
VGM info:      11th daughter vol = ctubs  simple placement: ctubs
VGM info:      12th daughter vol = xtru1  simple placement: xtru1
VGM info:      13th daughter vol = xtru2  simple placement: xtru2
VGM info:      14th daughter vol = hype  simple placement: hype
VGM info:      15th daughter vol = paraboloid  simple placement: paraboloid
VGM info:   ExportPlacements for 1th volume box
VGM info:   ExportPlacements for 2th volume cons
VGM info:   ExportPlacements for 3th volume eltu
VGM info:   ExportPlacements for 4th volume para
VGM info:   ExportPlacements for 5th volume pcone
VGM info:   ExportPlacements for 6th volume phedra
VGM info:   ExportPlacements for 7th volume sphere
VGM info:   ExportPlacements for 8th volume torus
VGM info:   ExportPlacements for 9th volume trap
VGM info:   ExportPlacements for 10th volume trd
VGM info:   ExportPlacements for 11th volume tubs
VGM info:   ExportPlacements for 12th volume ctubs
VGM info:   ExportPlacements for 13th volume xtru1
VGM info:   ExportPlacements for 14th volume xtru2
VGM info:   ExportPlacements for 15th volume hype
VGM info:   ExportPlacements for 16th volume paraboloid
Export finished
Go to save Root geometry
Info in <TGeoManager::CheckGeometry>: Fixing runtime shapes...
Info in <TGeoManager::CheckGeometry>: ...Nothing to fix
Info in <TGeoManager::CloseGeometry>: Counting nodes...
Info in <TGeoManager::Voxelize>: Voxelizing...
Info in <TGeoManager::CloseGeometry>: Building cache...
Info in <TGeoManager::CountLevels>: max level = 1, max placements = 16
Info in <TGeoManager::CloseGeometry>: 17 nodes/ 17 volume UID's in Test geometry via Root
Info in <TGeoManager::CloseGeometry>: ----------------modeler ready----------------
Info in <TGeoManager::Export>: Exporting Test Test geometry via Root as root file. Optimizations streamed.
Visualization Manager instantiating with verbosity "warnings (3)"...
Visualization Manager initialising...
Registering graphics systems...

You have successfully registered the following graphics systems.
Current available graphics systems are:
  ASCIITree (ATree)
  DAWNFILE (DAWNFILE)
  G4HepRep (HepRepXML)
  G4HepRepFile (HepRepFile)
  OpenGLImmediateX (OGLI, OGLIX)
  OpenGLStoredX (OGL, OGLS, OGLSX)
  RayTracer (RayTracer)
  RayTracerX (RayTracerX)
  VRML1FILE (VRML1FILE)
  VRML2FILE (VRML2FILE)
  gMocrenFile (gMocrenFile)

Registering model factories...

You have successfully registered the following model factories.
Registered model factories:
  generic
  drawByCharge
  drawByParticleID
  drawByOriginVolume
  drawByAttribute

Registered filter factories:
  chargeFilter
  particleFilter
  originVolumeFilter
  attributeFilter

You have successfully registered the following user vis actions.
Run Duration User Vis Actions: none
End of Event User Vis Actions: none
End of Run User Vis Actions: none

Some /vis commands (optionally) take a string to specify colour.
Available colours:
  black, blue, brown, cyan, gray, green, grey, magenta, red, white, yellow

Graphics systems deleted.
Visualization Manager deleting...
