Info in <TGeoManager::TGeoManager>: Geometry VGM Root geometry, VGM Root geometry created
Warning in <TGeoManager::Init>: Deleting previous geometry: VGM Root geometry/VGM Root geometry
Info in <TGeoManager::TGeoManager>: Geometry Test, Test geometry via Root created
Root geometry will be defined via Root

*************************************************************
 Geant4 version Name: geant4-09-06-ref-00    (30-November-2012)
                      Copyright : Geant4 Collaboration
                      Reference : NIM A 506 (2003), 250-303
                            WWW : http://cern.ch/geant4
*************************************************************

Info in <TGeoManager::SetTopVolume>: Top volume is world. Master volume is world
Info in <TGeoNavigator::BuildCache>: --- Maximum geometry depth set to 100
TestDisplacedSolids1 finished
Go to Import
Info in <TGeoManager::Export>: Exporting Test Test geometry via Root as root file. Optimizations streamed.
VGM info:   RootGM::Factory::Import started ...
VGM info:   Importing material: 
VGM info:   Material Basic    A=26.98 Z=13 rho=2.7 radlen=8.8751 intlen=38.8622 index=0
VGM info:   Importing element: from material
VGM info:   Element: AL      Z=13   N=27.000000   A=26.981538 [g/mole]
VGM info:   Importing material: 
VGM info:   Mixture Air    Aeff=14.607 Zeff=7.3 rho=0.00129 radlen=28405.7 intlen=66278.6 index=1
   Element #0 : N  Z=  7.00 A= 14.01 w= 0.700
   Element #1 : O  Z=  8.00 A= 16.00 w= 0.300
VGM info:   Importing element: from material
VGM info:   Element: N      Z=7   N=14.000000   A=14.006740 [g/mole]
VGM info:   Importing element: from material
VGM info:   Element: O      Z=8   N=16.000000   A=15.999400 [g/mole]
VGM info:   Importing material: 
VGM info:   Mixture Scintillator    Aeff=11.0723 Zeff=5.57354 rho=1.032 radlen=42.132 intlen=70.1007 index=2
   Element #0 : C  Z=  6.00 A= 12.01 w= 0.915 natoms=9
   Element #1 : H  Z=  1.00 A=  1.01 w= 0.085 natoms=10
VGM info:   Importing element: from element object
VGM info:   Element: C      Z=6   N=12.000000   A=12.010700 [g/mole]
VGM info:   Importing element: from element object
VGM info:   Element: H      Z=1   N=1.000000   A=1.007940 [g/mole]
VGM info:   Importing material: 
VGM info:   Material Uranium    A=235.312 Z=92 rho=13.61 radlen=0.436288 intlen=15.8771 index=3
VGM info:   Importing isotope: 
VGM info:   Isotope: U235     Z=92   N=235   A=235.010000 [g/mole]
VGM info:   Importing isotope: 
VGM info:   Isotope: U238     Z=92   N=238   A=238.030000 [g/mole]
VGM info:   Importing element: from element object
VGM info:   Element: enriched Uranium      Z=92   N=235.300000   A=235.312000 [g/mole]
=>Isotope U235, abundance=0.900000 :
Isotope: U235     Z=92   N=235   A=235.010000 [g/mole]
=>Isotope U238, abundance=0.100000 :
Isotope: U238     Z=92   N=238   A=238.030000 [g/mole]
VGM info:   Importing material: 
VGM info:   Material Vacuum    A=0 Z=0 rho=0 radlen=1e+30 intlen=1e+30 index=4
VGM info:   Importing element: from element object
VGM info:   Element: VACUUM      Z=0   N=0.000000   A=0.000000 [g/mole]
VGM info:   Importing material: 
VGM info:   Material Tungsten    A=183.84 Z=74 rho=19.25 radlen=0.351617 intlen=10.3323 index=5
VGM info:   Importing element: from element object
VGM info:   Element: W      Z=74   N=184.000000   A=183.840000 [g/mole]
VGM info:   Importing medium: 
VGM info:   OBJ: TGeoMedium	Basic	
VGM info:   Importing medium: 
VGM info:   OBJ: TGeoMedium	Air	
VGM info:   Importing medium: 
VGM info:   OBJ: TGeoMedium	Scintillator	
VGM info:   Importing medium: 
VGM info:   OBJ: TGeoMedium	Uranium	
VGM info:   Importing medium: 
VGM info:   OBJ: TGeoMedium	Vacuum	
VGM info:   Importing medium: 
VGM info:   OBJ: TGeoMedium	Tungsten	
VGM info:   Importing volume: world
VGM info:   Importing shape: worldS
VGM info:      Imported solid: Box  "worldS"  hx = 600mm  hy = 600mm  hz = 1600mm
VGM info:   ImportDaughters for world
VGM info:   Importing volume: volume1
VGM info:   Importing shape: boxS1
VGM info:      Imported solid: Box  "boxS1"  hx = 500mm  hy = 500mm  hz = 500mm
VGM info:   ImportDaughters for volume1
VGM info:   Importing volume: volume4
VGM info:   Importing shape: boxS4
VGM info:      Imported solid: Box  "boxS4"  hx = 200mm  hy = 200mm  hz = 100mm
VGM info:   ImportDaughters for volume4
VGM info:   Importing volume: volume2C
VGM info:   Importing shape: boxS2
VGM info:      Imported solid: Displaced  "boxS2_displ"  Const. = "boxS2"  Displacement = ( 0, 0, 1500)mm ( 0, -0, 0)deg   noReflZ
VGM info:   ImportDaughters for volume2C
VGM info:   Importing volume: volume3
VGM info:   Importing shape: boxS3
VGM info:      Imported solid: Box  "boxS3"  hx = 200mm  hy = 200mm  hz = 200mm
VGM info:   ImportDaughters for volume3
VGM info:   Importing volume: volume5A
VGM info:   Importing shape: boxS5A
VGM info:      Imported solid: Displaced  "boxS5A_displ"  Const. = "boxS5A"  Displacement = ( 0, 0, 400)mm ( 0, -0, 0)deg   noReflZ
VGM info:   ImportDaughters for volume5A
VGM info:   Import positions: 
VGM info:   0th volume: world  
VGM info:      0th daughter  rtNode = volume1_1  rtVol = volume1 vgmPl = volume1 vgmVol = volume1
VGM info:      1th daughter  rtNode = volume2C_2  rtVol = volume2C vgmPl = volume2C vgmVol = volume2C
VGM info:   1th volume: volume1  
VGM info:      0th daughter  rtNode = volume4_1  rtVol = volume4 vgmPl = volume4 vgmVol = volume4
VGM info:   2th volume: volume2C  
VGM info:      0th daughter  rtNode = volume3_1  rtVol = volume3 vgmPl = volume3 vgmVol = volume3
VGM info:      1th daughter  rtNode = volume5A_2  rtVol = volume5A vgmPl = volume5A vgmVol = volume5A
VGM info:   3th volume: volume3  
VGM info:   4th volume: volume4  
VGM info:   5th volume: volume5A  
VGM info:   
Root_GM_Factory factory solids store: 
   0th solid: Box  "worldS"  hx = 600mm  hy = 600mm  hz = 1600mm
   1th solid: Box  "boxS1"  hx = 500mm  hy = 500mm  hz = 500mm
   2th solid: Box  "boxS4"  hx = 200mm  hy = 200mm  hz = 100mm
   3th solid: Displaced  "boxS2_displ"  Const. = "boxS2"  Displacement = ( 0, 0, 1500)mm ( 0, -0, 0)deg   noReflZ
   4th solid: Box  "boxS3"  hx = 200mm  hy = 200mm  hz = 200mm
   5th solid: Displaced  "boxS5A_displ"  Const. = "boxS5A"  Displacement = ( 0, 0, 400)mm ( 0, -0, 0)deg   noReflZ
Root_GM_Factory factory volumes store: 
   0th: Volume: "world" material "Basic" solid "Box"  2 daughters: "volume1"  "volume2C"  
   1th: Volume: "volume1" material "Basic" solid "Box"  1 daughters: "volume4"  
   2th: Volume: "volume4" material "Basic" solid "Box"  0 daughters: 
   3th: Volume: "volume2C" material "Basic" solid "Displaced"  2 daughters: "volume3"  "volume5A"  
   4th: Volume: "volume3" material "Basic" solid "Box"  0 daughters: 
   5th: Volume: "volume5A" material "Basic" solid "Displaced"  0 daughters: 
VGM info:   RootGM::Factory::Import finished.
Import finished
Go to save Root geometry
Info in <TGeoManager::CheckGeometry>: Fixing runtime shapes...
Info in <TGeoManager::CheckGeometry>: ...Nothing to fix
Info in <TGeoManager::CloseGeometry>: Counting nodes...
Info in <TGeoManager::Voxelize>: Voxelizing...
Info in <TGeoManager::CloseGeometry>: Building cache...
Info in <TGeoManager::CountLevels>: max level = 2, max placements = 2
Info in <TGeoManager::CloseGeometry>: 6 nodes/ 6 volume UID's in Test geometry via Root
Info in <TGeoManager::CloseGeometry>: ----------------modeler ready----------------
Info in <TGeoManager::Export>: Exporting Test Test geometry via Root as root file. Optimizations streamed.
No Geant4 geometry is built.
