Info in <TGeoManager::TGeoManager>: Geometry VGM Root geometry, VGM Root geometry created
Warning in <TGeoManager::Init>: Deleting previous geometry: VGM Root geometry/VGM Root geometry
Info in <TGeoManager::TGeoManager>: Geometry Test, Test geometry via Root created
Root geometry will be defined via Root

*************************************************************
 Geant4 version Name: geant4-09-06-ref-00    (30-November-2012)
                      Copyright : Geant4 Collaboration
                      Reference : NIM A 506 (2003), 250-303
                            WWW : http://cern.ch/geant4
*************************************************************

Info in <TGeoManager::SetTopVolume>: Top volume is world. Master volume is world
Info in <TGeoNavigator::BuildCache>: --- Maximum geometry depth set to 100
TestAssemblies2 finished
Go to Import
Info in <TGeoManager::Export>: Exporting Test Test geometry via Root as root file. Optimizations streamed.
VGM info:   RootGM::Factory::Import started ...
VGM info:   Importing material: 
VGM info:   Material Basic    A=26.98 Z=13 rho=2.7 radlen=8.8751 intlen=38.8622 index=0
VGM info:   Importing element: from material
VGM info:   Element: AL      Z=13   N=27.000000   A=26.981538 [g/mole]
VGM info:   Importing material: 
VGM info:   Mixture Air    Aeff=14.607 Zeff=7.3 rho=0.00129 radlen=28405.7 intlen=66278.6 index=1
   Element #0 : N  Z=  7.00 A= 14.01 w= 0.700
   Element #1 : O  Z=  8.00 A= 16.00 w= 0.300
VGM info:   Importing element: from material
VGM info:   Element: N      Z=7   N=14.000000   A=14.006740 [g/mole]
VGM info:   Importing element: from material
VGM info:   Element: O      Z=8   N=16.000000   A=15.999400 [g/mole]
VGM info:   Importing material: 
VGM info:   Mixture Scintillator    Aeff=11.0723 Zeff=5.57354 rho=1.032 radlen=42.132 intlen=70.1007 index=2
   Element #0 : C  Z=  6.00 A= 12.01 w= 0.915 natoms=9
   Element #1 : H  Z=  1.00 A=  1.01 w= 0.085 natoms=10
VGM info:   Importing element: from element object
VGM info:   Element: C      Z=6   N=12.000000   A=12.010700 [g/mole]
VGM info:   Importing element: from element object
VGM info:   Element: H      Z=1   N=1.000000   A=1.007940 [g/mole]
VGM info:   Importing material: 
VGM info:   Material Uranium    A=235.312 Z=92 rho=13.61 radlen=0.436288 intlen=15.8771 index=3
VGM info:   Importing isotope: 
VGM info:   Isotope: U235     Z=92   N=235   A=235.010000 [g/mole]
VGM info:   Importing isotope: 
VGM info:   Isotope: U238     Z=92   N=238   A=238.030000 [g/mole]
VGM info:   Importing element: from element object
VGM info:   Element: enriched Uranium      Z=92   N=235.300000   A=235.312000 [g/mole]
=>Isotope U235, abundance=0.900000 :
Isotope: U235     Z=92   N=235   A=235.010000 [g/mole]
=>Isotope U238, abundance=0.100000 :
Isotope: U238     Z=92   N=238   A=238.030000 [g/mole]
VGM info:   Importing material: 
VGM info:   Material Vacuum    A=0 Z=0 rho=0 radlen=1e+30 intlen=1e+30 index=4
VGM info:   Importing element: from element object
VGM info:   Element: VACUUM      Z=0   N=0.000000   A=0.000000 [g/mole]
VGM info:   Importing material: 
VGM info:   Material Tungsten    A=183.84 Z=74 rho=19.25 radlen=0.351617 intlen=10.3323 index=5
VGM info:   Importing element: from element object
VGM info:   Element: W      Z=74   N=184.000000   A=183.840000 [g/mole]
VGM info:   Importing medium: 
VGM info:   OBJ: TGeoMedium	Basic	
VGM info:   Importing medium: 
VGM info:   OBJ: TGeoMedium	Air	
VGM info:   Importing medium: 
VGM info:   OBJ: TGeoMedium	Scintillator	
VGM info:   Importing medium: 
VGM info:   OBJ: TGeoMedium	Uranium	
VGM info:   Importing medium: 
VGM info:   OBJ: TGeoMedium	Vacuum	
VGM info:   Importing medium: 
VGM info:   OBJ: TGeoMedium	Tungsten	
VGM info:   Importing volume: world
VGM info:   Importing shape: worldS
VGM info:      Imported solid: Box  "worldS"  hx = 2000mm  hy = 2000mm  hz = 1000mm
VGM info:   ImportDaughters for world
VGM info:   Importing volume: Assembly
VGM info:   Importing shape: TGeoShapeAssembly
VGM info:      Imported solid: 0x0
VGM info:   ImportDaughters for Assembly
VGM info:   Importing volume: CONS
VGM info:   Importing shape: CONS
VGM info:      Imported solid: Cons  "CONS"  rin1 = 100mm  rout1 = 400mm  rin2 = 200mm  rout2 = 600mm  hz = 500mm  sphi = 0deg  dphi = 360deg
VGM info:   ImportDaughters for CONS
VGM info:   Import positions: 
VGM info:   0th volume: world  
VGM info:      0th daughter  rtNode = Assembly_1  rtVol = AssemblyVGM info:      0th assembly daughter  rtVol = CONS vgmVol = CONS
VGM info:      1th assembly daughter  rtVol = CONS vgmVol = CONS
VGM info:      2th assembly daughter  rtVol = CONS vgmVol = CONS
VGM info:      3th assembly daughter  rtVol = CONS vgmVol = CONS
VGM info:   2th volume: CONS  
VGM info:   
Root_GM_Factory factory solids store: 
   0th solid: Box  "worldS"  hx = 2000mm  hy = 2000mm  hz = 1000mm
   1th solid: Cons  "CONS"  rin1 = 100mm  rout1 = 400mm  rin2 = 200mm  rout2 = 600mm  hz = 500mm  sphi = 0deg  dphi = 360deg
Root_GM_Factory factory volumes store: 
   0th: Volume: "world" material "Basic" solid "Box"  4 daughters: "&Assembly_1%CONS"  "&Assembly_1%CONS"  "&Assembly_1%CONS"  "&Assembly_1%CONS"  
   1th: Volume: "CONS" material "Basic" solid "Cons"  0 daughters: 
VGM info:   RootGM::Factory::Import finished.
Import finished
Go to save Root geometry
Info in <TGeoManager::CheckGeometry>: Fixing runtime shapes...
Info in <TGeoManager::CheckGeometry>: ...Nothing to fix
Info in <TGeoManager::CloseGeometry>: Counting nodes...
Info in <TGeoManager::Voxelize>: Voxelizing...
Info in <TGeoManager::CloseGeometry>: Building cache...
Info in <TGeoManager::CountLevels>: max level = 2, max placements = 4
Info in <TGeoManager::CloseGeometry>: 6 nodes/ 3 volume UID's in Test geometry via Root
Info in <TGeoManager::CloseGeometry>: ----------------modeler ready----------------
Info in <TGeoManager::Export>: Exporting Test Test geometry via Root as root file. Optimizations streamed.
No Geant4 geometry is built.
