Info in <TGeoManager::TGeoManager>: Geometry VGM Root geometry, VGM Root geometry created
Geant4 geometry will be defined via VGM and exported to Root

*************************************************************
 Geant4 version Name: geant4-09-06-ref-00    (30-November-2012)
                      Copyright : Geant4 Collaboration
                      Reference : NIM A 506 (2003), 250-303
                            WWW : http://cern.ch/geant4
*************************************************************

VGM info:   Importing isotope: 
VGM info:    Isotope:    H1   Z =  1   N =   1   A =   1.01 g/mole
VGM info:   Importing isotope: 
VGM info:    Isotope:    H2   Z =  1   N =   2   A =   2.01 g/mole
VGM info:   Importing isotope: 
VGM info:    Isotope:   C12   Z =  6   N =  12   A =  12.00 g/mole
VGM info:   Importing isotope: 
VGM info:    Isotope:   C13   Z =  6   N =  13   A =  13.00 g/mole
VGM info:   Importing isotope: 
VGM info:    Isotope: Vacuum_e1   Z =  1   N =   1   A =   1.01 g/mole
VGM info:   Importing isotope: 
VGM info:    Isotope: Vacuum_e2   Z =  1   N =   2   A =   2.01 g/mole
VGM info:   Importing isotope: 
VGM info:    Isotope:   N14   Z =  7   N =  14   A =  14.00 g/mole
VGM info:   Importing isotope: 
VGM info:    Isotope:   N15   Z =  7   N =  15   A =  15.00 g/mole
VGM info:   Importing isotope: 
VGM info:    Isotope:   O16   Z =  8   N =  16   A =  15.99 g/mole
VGM info:   Importing isotope: 
VGM info:    Isotope:   O17   Z =  8   N =  17   A =  17.00 g/mole
VGM info:   Importing isotope: 
VGM info:    Isotope:   O18   Z =  8   N =  18   A =  18.00 g/mole
VGM info:   Importing isotope: 
VGM info:    Isotope:  Al27   Z = 13   N =  27   A =  26.98 g/mole
VGM info:   Importing isotope: 
VGM info:    Isotope:  W180   Z = 74   N = 180   A = 179.95 g/mole
VGM info:   Importing isotope: 
VGM info:    Isotope:  W182   Z = 74   N = 182   A = 181.95 g/mole
VGM info:   Importing isotope: 
VGM info:    Isotope:  W183   Z = 74   N = 183   A = 182.95 g/mole
VGM info:   Importing isotope: 
VGM info:    Isotope:  W184   Z = 74   N = 184   A = 183.95 g/mole
VGM info:   Importing isotope: 
VGM info:    Isotope:  W186   Z = 74   N = 186   A = 185.95 g/mole
VGM info:   Importing LV: box_refl
VGM info:   Importing solid: boxS_refl
VGM info:   ImportDaughters for box_refl
VGM info:   ImportPositions for lv box_refl nofDaughters: 0
VGM info:   Importing LV: cons_refl
VGM info:   Importing solid: consS_refl
VGM info:   ImportDaughters for cons_refl
VGM info:   ImportPositions for lv cons_refl nofDaughters: 0
VGM info:   Importing LV: eltu_refl
VGM info:   Importing solid: eltuS_refl
VGM info:   ImportDaughters for eltu_refl
VGM info:   ImportPositions for lv eltu_refl nofDaughters: 0
VGM info:   Importing LV: para_refl
VGM info:   Importing solid: paraS_refl
VGM info:   ImportDaughters for para_refl
VGM info:   ImportPositions for lv para_refl nofDaughters: 0
VGM info:   Importing LV: pcone_refl
VGM info:   Importing solid: pconeS_refl
VGM info:   ImportDaughters for pcone_refl
VGM info:   ImportPositions for lv pcone_refl nofDaughters: 0
VGM info:   Importing LV: phedra_refl
VGM info:   Importing solid: phedraS_refl
VGM info:   ImportDaughters for phedra_refl
VGM info:   ImportPositions for lv phedra_refl nofDaughters: 0
VGM info:   Importing LV: sphere_refl
VGM info:   Importing solid: sphereS_refl
VGM info:   ImportDaughters for sphere_refl
VGM info:   ImportPositions for lv sphere_refl nofDaughters: 0
VGM info:   Importing LV: torus_refl
VGM info:   Importing solid: torusS_refl
VGM info:   ImportDaughters for torus_refl
VGM info:   ImportPositions for lv torus_refl nofDaughters: 0
VGM info:   Importing LV: trap_refl
VGM info:   Importing solid: trapS_refl
VGM info:   ImportDaughters for trap_refl
VGM info:   ImportPositions for lv trap_refl nofDaughters: 0
VGM info:   Importing LV: trd_refl
VGM info:   Importing solid: trdS_refl
VGM info:   ImportDaughters for trd_refl
VGM info:   ImportPositions for lv trd_refl nofDaughters: 0
VGM info:   Importing LV: tubs_refl
VGM info:   Importing solid: tubsS_refl
VGM info:   ImportDaughters for tubs_refl
VGM info:   ImportPositions for lv tubs_refl nofDaughters: 0
VGM info:   Importing LV: ctubs_refl
VGM info:   Importing solid: ctubsS_refl
VGM info:   Importing solid: boolean
VGM info:   Importing solid: tubs
VGM info:      Imported solid: Tubs  "tubs"  rin = 200mm  rout = 300mm  hz = 904.121mm  sphi = -30deg  dphi = 280deg
VGM info:   Importing solid: boxLow
VGM info:      Imported solid: Box  "boxLow"  hx = 843.746mm  hy = 843.746mm  hz = 468.117mm
VGM info:   Imported Boolean solid: 
VGM info:   Boolean  "boolean"  Subtraction: 
  ConstituentA = Tubs  "tubs"  rin = 200mm  rout = 300mm  hz = 904.121mm  sphi = -30deg  dphi = 280deg
  ConstituentB = Box  "boxLow"  hx = 843.746mm  hy = 843.746mm  hz = 468.117mm
  Displacement translation (object):  ( 0,  0,  -1213.6) mm 
  Displacement rotation (object):  (-140.268,  0,  0) deg    no reflectionZ
VGM info:      Imported solid: Boolean  "boolean"  Subtraction: 
  ConstituentA = Tubs  "tubs"  rin = 200mm  rout = 300mm  hz = 904.121mm  sphi = -30deg  dphi = 280deg
  ConstituentB = Box  "boxLow"  hx = 843.746mm  hy = 843.746mm  hz = 468.117mm
  Displacement translation (object):  ( 0,  0,  -1213.6) mm 
  Displacement rotation (object):  (-140.268,  0,  0) deg    no reflectionZ
VGM info:   Importing solid: boxHigh
VGM info:      Imported solid: Box  "boxHigh"  hx = 658.394mm  hy = 658.394mm  hz = 361.921mm
VGM info:   Imported Boolean solid: 
VGM info:   Boolean  "ctubsS"  Subtraction: 
  ConstituentA = Boolean  "boolean"  Subtraction: 
  ConstituentA = Tubs  "tubs"  rin = 200mm  rout = 300mm  hz = 904.121mm  sphi = -30deg  dphi = 280deg
  ConstituentB = Box  "boxLow"  hx = 843.746mm  hy = 843.746mm  hz = 468.117mm
  Displacement translation (object):  ( 0,  0,  -1213.6) mm 
  Displacement rotation (object):  (-140.268,  0,  0) deg    no reflectionZ
  ConstituentB = Box  "boxHigh"  hx = 658.394mm  hy = 658.394mm  hz = 361.921mm
  Displacement translation (object):  ( 0,  0,  968.753) mm 
  Displacement rotation (object):  (-5.90614,  -0,  0) deg    no reflectionZ
VGM info:   ImportDaughters for ctubs_refl
VGM info:   ImportPositions for lv ctubs_refl nofDaughters: 0
VGM info:   Importing LV: xtru1_refl
VGM info:   Importing solid: xtruS_refl
VGM info:   ImportDaughters for xtru1_refl
VGM info:   ImportPositions for lv xtru1_refl nofDaughters: 0
VGM info:   Importing LV: xtru2_refl
VGM info:   Importing solid: xtruS_refl
VGM info:   Importing solid: xtruS
VGM info:      Imported solid: Extruded  "xtruS"
Polygon,  8 vertices:
  (-300, -300)  (-300, 300)  (300, 300)  (300, -300)  (150, -300)  (150, 150)  (-150, 150)  (-150, -300) mm
Planes:
  z = -400 mm    x0 = -200 mm    y0 = 100 mm    scale= 1.5
  z = 100 mm    x0 = 0 mm    y0 = 0 mm    scale= 0.5

VGM info:   Importing solid: xtruS
VGM info:      Imported solid: Extruded  "xtruS"
Polygon,  8 vertices:
  (-300, -300)  (-300, 300)  (300, 300)  (300, -300)  (150, -300)  (150, 150)  (-150, 150)  (-150, -300) mm
Planes:
  z = 100 mm    x0 = 0 mm    y0 = 0 mm    scale= 0.7
  z = 400 mm    x0 = 200 mm    y0 = 200 mm    scale= 0.9

VGM info:   Imported Boolean solid: 
VGM info:   Boolean  "xtruS"  Union: 
  ConstituentA = Extruded  "xtruS"
Polygon,  8 vertices:
  (-300, -300)  (-300, 300)  (300, 300)  (300, -300)  (150, -300)  (150, 150)  (-150, 150)  (-150, -300) mm
Planes:
  z = -400 mm    x0 = -200 mm    y0 = 100 mm    scale= 1.5
  z = 100 mm    x0 = 0 mm    y0 = 0 mm    scale= 0.5

  ConstituentB = Extruded  "xtruS"
Polygon,  8 vertices:
  (-300, -300)  (-300, 300)  (300, 300)  (300, -300)  (150, -300)  (150, 150)  (-150, 150)  (-150, -300) mm
Planes:
  z = 100 mm    x0 = 0 mm    y0 = 0 mm    scale= 0.7
  z = 400 mm    x0 = 200 mm    y0 = 200 mm    scale= 0.9

  Displacement translation (object):  ( 0,  0,  0) mm 
  Displacement rotation (object):  (0,  -0,  0) deg    no reflectionZ
VGM info:   ImportDaughters for xtru2_refl
VGM info:   ImportPositions for lv xtru2_refl nofDaughters: 0
VGM info:   Importing LV: hype_refl
VGM info:   Importing solid: hypeS_refl
VGM info:   ImportDaughters for hype_refl
VGM info:   ImportPositions for lv hype_refl nofDaughters: 0
VGM info:   Importing LV: paraboloid_refl
VGM info:   Importing solid: paraboloidS_refl
VGM info:   ImportDaughters for paraboloid_refl
VGM info:   ImportPositions for lv paraboloid_refl nofDaughters: 0
TestReflections finished
Go to export
VGM info:   Exporting isotope: 
VGM info:   Isotope: "H1"    Z = 1  N = 1  A = 1.00783 g/mole
VGM info:   Exporting isotope: 
VGM info:   Isotope: "H2"    Z = 1  N = 2  A = 2.0141 g/mole
VGM info:   Exporting isotope: 
VGM info:   Isotope: "C12"    Z = 6  N = 12  A = 12 g/mole
VGM info:   Exporting isotope: 
VGM info:   Isotope: "C13"    Z = 6  N = 13  A = 13.0034 g/mole
VGM info:   Exporting isotope: 
VGM info:   Isotope: "Vacuum_e1"    Z = 1  N = 1  A = 1.00783 g/mole
VGM info:   Exporting isotope: 
VGM info:   Isotope: "Vacuum_e2"    Z = 1  N = 2  A = 2.0141 g/mole
VGM info:   Exporting isotope: 
VGM info:   Isotope: "N14"    Z = 7  N = 14  A = 14.0031 g/mole
VGM info:   Exporting isotope: 
VGM info:   Isotope: "N15"    Z = 7  N = 15  A = 15.0001 g/mole
VGM info:   Exporting isotope: 
VGM info:   Isotope: "O16"    Z = 8  N = 16  A = 15.9949 g/mole
VGM info:   Exporting isotope: 
VGM info:   Isotope: "O17"    Z = 8  N = 17  A = 16.9991 g/mole
VGM info:   Exporting isotope: 
VGM info:   Isotope: "O18"    Z = 8  N = 18  A = 17.9992 g/mole
VGM info:   Exporting isotope: 
VGM info:   Isotope: "Al27"    Z = 13  N = 27  A = 26.9815 g/mole
VGM info:   Exporting isotope: 
VGM info:   Isotope: "W180"    Z = 74  N = 180  A = 179.947 g/mole
VGM info:   Exporting isotope: 
VGM info:   Isotope: "W182"    Z = 74  N = 182  A = 181.948 g/mole
VGM info:   Exporting isotope: 
VGM info:   Isotope: "W183"    Z = 74  N = 183  A = 182.95 g/mole
VGM info:   Exporting isotope: 
VGM info:   Isotope: "W184"    Z = 74  N = 184  A = 183.951 g/mole
VGM info:   Exporting isotope: 
VGM info:   Isotope: "W186"    Z = 74  N = 186  A = 185.954 g/mole
VGM info:   Exporting isotope: 
VGM info:   Isotope: "U235"    Z = 92  N = 235  A = 235.01 g/mole
VGM info:   Exporting isotope: 
VGM info:   Isotope: "U238"    Z = 92  N = 238  A = 238.03 g/mole
VGM info:   Exporting element: 
VGM info:   Element: "H"  "H"  Z = 1  N = 1.00012  A = 1.00794 g/mole
     0th isotope: Isotope: "H1"    Z = 1  N = 1  A = 1.00783 g/mole  abundance: 99.9885%
     1th isotope: Isotope: "H2"    Z = 1  N = 2  A = 2.0141 g/mole  abundance: 0.0115%
VGM info:   Exporting element: 
VGM info:   Element: "C"  "C"  Z = 6  N = 12.0107  A = 12.0107 g/mole
     0th isotope: Isotope: "C12"    Z = 6  N = 12  A = 12 g/mole  abundance: 98.93%
     1th isotope: Isotope: "C13"    Z = 6  N = 13  A = 13.0034 g/mole  abundance: 1.07%
VGM info:   Exporting element: 
VGM info:   Element: "Vacuum"  "Vacuum_e"  Z = 1  N = 1.01  A = 1.01 g/mole
     0th isotope: Isotope: "Vacuum_e1"    Z = 1  N = 1  A = 1.00783 g/mole  abundance: 99.9885%
     1th isotope: Isotope: "Vacuum_e2"    Z = 1  N = 2  A = 2.0141 g/mole  abundance: 0.0115%
VGM info:   Exporting element: 
VGM info:   Element: "Nitrogen"  "N"  Z = 7  N = 14.01  A = 14.01 g/mole
     0th isotope: Isotope: "N14"    Z = 7  N = 14  A = 14.0031 g/mole  abundance: 99.632%
     1th isotope: Isotope: "N15"    Z = 7  N = 15  A = 15.0001 g/mole  abundance: 0.368%
VGM info:   Exporting element: 
VGM info:   Element: "Oxygen"  "O"  Z = 8  N = 16  A = 16 g/mole
     0th isotope: Isotope: "O16"    Z = 8  N = 16  A = 15.9949 g/mole  abundance: 99.757%
     1th isotope: Isotope: "O17"    Z = 8  N = 17  A = 16.9991 g/mole  abundance: 0.038%
     2th isotope: Isotope: "O18"    Z = 8  N = 18  A = 17.9992 g/mole  abundance: 0.205%
VGM info:   Exporting element: 
VGM info:   Element: "Aluminium"  "Al"  Z = 13  N = 26.98  A = 26.98 g/mole
     0th isotope: Isotope: "Al27"    Z = 13  N = 27  A = 26.9815 g/mole  abundance: 100%
VGM info:   Exporting element: 
VGM info:   Element: "Tungsten"  "W"  Z = 74  N = 183.84  A = 183.84 g/mole
     0th isotope: Isotope: "W180"    Z = 74  N = 180  A = 179.947 g/mole  abundance: 0.12%
     1th isotope: Isotope: "W182"    Z = 74  N = 182  A = 181.948 g/mole  abundance: 26.5%
     2th isotope: Isotope: "W183"    Z = 74  N = 183  A = 182.95 g/mole  abundance: 14.31%
     3th isotope: Isotope: "W184"    Z = 74  N = 184  A = 183.951 g/mole  abundance: 30.64%
     4th isotope: Isotope: "W186"    Z = 74  N = 186  A = 185.954 g/mole  abundance: 28.43%
VGM info:   Exporting element: 
VGM info:   Element: "enriched Uranium"  "U"  Z = 92  N = 235.3  A = 235.312 g/mole
     0th isotope: Isotope: "U235"    Z = 92  N = 235  A = 235.01 g/mole  abundance: 90%
     1th isotope: Isotope: "U238"    Z = 92  N = 238  A = 238.03 g/mole  abundance: 10%
VGM info:   Exporting material: 
VGM info:   Material: "Basic"  density 2.7 g/cm3  radlen 8.89253 cm  intlen 38.8601 cm  state "Solid"  temperature 273.15 kelvin  pressure 1 atm
   0th element: Element: "Aluminium"  "Al"  Z = 13  N = 26.98  A = 26.98 g/mole
     0th isotope: Isotope: "Al27"    Z = 13  N = 27  A = 26.9815 g/mole  abundance: 100%  Elm mass fraction: 100 %
VGM info:   Exporting material: 
VGM info:   Material: "Air"  density 0.00129 g/cm3  radlen 28516.1 cm  intlen 66290.4 cm  state "Gas"  temperature 273.15 kelvin  pressure 1 atm
   0th element: Element: "Nitrogen"  "N"  Z = 7  N = 14.01  A = 14.01 g/mole
     0th isotope: Isotope: "N14"    Z = 7  N = 14  A = 14.0031 g/mole  abundance: 99.632%
     1th isotope: Isotope: "N15"    Z = 7  N = 15  A = 15.0001 g/mole  abundance: 0.368%  Elm mass fraction: 70 %
   1th element: Element: "Oxygen"  "O"  Z = 8  N = 16  A = 16 g/mole
     0th isotope: Isotope: "O16"    Z = 8  N = 16  A = 15.9949 g/mole  abundance: 99.757%
     1th isotope: Isotope: "O17"    Z = 8  N = 17  A = 16.9991 g/mole  abundance: 0.038%
     2th isotope: Isotope: "O18"    Z = 8  N = 18  A = 17.9992 g/mole  abundance: 0.205%  Elm mass fraction: 30 %
VGM info:   Exporting material: 
VGM info:   Material: "Scintillator"  density 1.032 g/cm3  radlen 42.5442 cm  intlen 70.101 cm  state "Solid"  temperature 273.15 kelvin  pressure 1 atm
   0th element: Element: "C"  "C"  Z = 6  N = 12.0107  A = 12.0107 g/mole
     0th isotope: Isotope: "C12"    Z = 6  N = 12  A = 12 g/mole  abundance: 98.93%
     1th isotope: Isotope: "C13"    Z = 6  N = 13  A = 13.0034 g/mole  abundance: 1.07%  Elm mass fraction: 91.4709 %
   1th element: Element: "H"  "H"  Z = 1  N = 1.00012  A = 1.00794 g/mole
     0th isotope: Isotope: "H1"    Z = 1  N = 1  A = 1.00783 g/mole  abundance: 99.9885%
     1th isotope: Isotope: "H2"    Z = 1  N = 2  A = 2.0141 g/mole  abundance: 0.0115%  Elm mass fraction: 8.52915 %
VGM info:   Exporting material: 
VGM info:   Material: "Uranium"  density 13.61 g/cm3  radlen 0.435829 cm  intlen 15.8907 cm  state "Solid"  temperature 273.15 kelvin  pressure 1 atm
   0th element: Element: "enriched Uranium"  "U"  Z = 92  N = 235.3  A = 235.312 g/mole
     0th isotope: Isotope: "U235"    Z = 92  N = 235  A = 235.01 g/mole  abundance: 90%
     1th isotope: Isotope: "U238"    Z = 92  N = 238  A = 238.03 g/mole  abundance: 10%  Elm mass fraction: 100 %
VGM info:   Exporting material: 
VGM info:   Material: "Vacuum"  density 1e-25 g/cm3  radlen 6.31723e+26 cm  intlen 3.535e+26 cm  state "Gas"  temperature 2.73 kelvin  pressure 2.96077e-23 atm
   0th element: Element: "Vacuum"  "Vacuum_e"  Z = 1  N = 1.01  A = 1.01 g/mole
     0th isotope: Isotope: "Vacuum_e1"    Z = 1  N = 1  A = 1.00783 g/mole  abundance: 99.9885%
     1th isotope: Isotope: "Vacuum_e2"    Z = 1  N = 2  A = 2.0141 g/mole  abundance: 0.0115%  Elm mass fraction: 100 %
VGM info:   Exporting material: 
VGM info:   Material: "Tungsten"  density 19.25 g/cm3  radlen 0.351325 cm  intlen 10.3323 cm  state "Solid"  temperature 273.15 kelvin  pressure 1 atm
   0th element: Element: "Tungsten"  "W"  Z = 74  N = 183.84  A = 183.84 g/mole
     0th isotope: Isotope: "W180"    Z = 74  N = 180  A = 179.947 g/mole  abundance: 0.12%
     1th isotope: Isotope: "W182"    Z = 74  N = 182  A = 181.948 g/mole  abundance: 26.5%
     2th isotope: Isotope: "W183"    Z = 74  N = 183  A = 182.95 g/mole  abundance: 14.31%
     3th isotope: Isotope: "W184"    Z = 74  N = 184  A = 183.951 g/mole  abundance: 30.64%
     4th isotope: Isotope: "W186"    Z = 74  N = 186  A = 185.954 g/mole  abundance: 28.43%  Elm mass fraction: 100 %
VGM info:   Exporting medium: 
VGM info:   Medium: "Basic"  material Basic g/cm3  parameters:  0  0  0  0  0  0  0  0  0  0  0  0  0  0  0  0  0  0  0  0
VGM info:   Exporting medium: 
VGM info:   Medium: "Air"  material Air g/cm3  parameters:  0  0  0  0  0  0  0  0  0  0  0  0  0  0  0  0  0  0  0  0
VGM info:   Exporting medium: 
VGM info:   Medium: "Scintillator"  material Scintillator g/cm3  parameters:  0  0  0  0  0  0  0  0  0  0  0  0  0  0  0  0  0  0  0  0
VGM info:   Exporting medium: 
VGM info:   Medium: "Uranium"  material Uranium g/cm3  parameters:  0  0  0  0  0  0  0  0  0  0  0  0  0  0  0  0  0  0  0  0
VGM info:   Exporting medium: 
VGM info:   Medium: "Vacuum"  material Vacuum g/cm3  parameters:  0  0  0  0  0  0  0  0  0  0  0  0  0  0  0  0  0  0  0  0
VGM info:   Exporting medium: 
VGM info:   Medium: "Tungsten"  material Tungsten g/cm3  parameters:  0  0  0  0  0  0  0  0  0  0  0  0  0  0  0  0  0  0  0  0
VGM info:   Exporting volume store: 
VGM info:      Exporting solid: 
VGM info:      Box  "worldS"  hx = 6200mm  hy = 3000mm  hz = 3000mm
VGM info:   Exporting volume:  0th  "world"  material: "Basic"
VGM info:      Exporting solid: 
VGM info:      Box  "boxS"  hx = 200mm  hy = 600mm  hz = 500mm
VGM info:   Exporting volume:  1th  "box"  material: "Basic"
VGM info:      Exporting solid: 
VGM info:      Box  "boxS"  hx = 200mm  hy = 600mm  hz = 500mm
VGM info:   Exporting volume:  2th  "box_refl"  material: "Basic"
VGM info:      Exporting solid: 
VGM info:      Cons  "consS"  rin1 = 100mm  rout1 = 400mm  rin2 = 200mm  rout2 = 600mm  hz = 500mm  sphi = 0deg  dphi = 360deg
VGM info:   Exporting volume:  3th  "cons"  material: "Basic"
VGM info:      Exporting solid: 
VGM info:      Cons  "consS"  rin1 = 200mm  rout1 = 600mm  rin2 = 100mm  rout2 = 400mm  hz = 500mm  sphi = 0deg  dphi = 360deg
VGM info:   Exporting volume:  4th  "cons_refl"  material: "Basic"
VGM info:      Exporting solid: 
VGM info:      Eltu  "eltuS"  dx = 200mm  dy = 300mm  hz = 500mm
VGM info:   Exporting volume:  5th  "eltu"  material: "Basic"
VGM info:      Exporting solid: 
VGM info:      Eltu  "eltuS"  dx = 200mm  dy = 300mm  hz = 500mm
VGM info:   Exporting volume:  6th  "eltu_refl"  material: "Basic"
VGM info:      Exporting solid: 
VGM info:      Para  "paraS"  hx = 400mm  hy = 600mm  hz = 500mm  alpha = 30deg  theta = 30deg  phi = 30deg
VGM info:   Exporting volume:  7th  "para"  material: "Basic"
VGM info:      Exporting solid: 
VGM info:      Para  "paraS"  hx = 400mm  hy = 600mm  hz = 500mm  alpha = 30deg  theta = 150deg  phi = 30deg
VGM info:   Exporting volume:  8th  "para_refl"  material: "Basic"
VGM info:      Exporting solid: 
VGM info:      Polycone  "pconeS"  sphi = 0deg  dphi = 360deg  nz = 3
   0th plane:  z = -500mm rin = 100mm rout = 500mm
   1th plane:  z = 100mm rin = 200mm rout = 300mm
   2th plane:  z = 400mm rin = 300mm rout = 600mm
VGM info:   Exporting volume:  9th  "pcone"  material: "Basic"
VGM info:      Exporting solid: 
VGM info:      Polycone  "pconeS"  sphi = 0deg  dphi = 360deg  nz = 3
   0th plane:  z = 500mm rin = 100mm rout = 500mm
   1th plane:  z = -100mm rin = 200mm rout = 300mm
   2th plane:  z = -400mm rin = 300mm rout = 600mm
VGM info:   Exporting volume:  10th  "pcone_refl"  material: "Basic"
VGM info:      Exporting solid: 
VGM info:      Polygone  "phedraS"  sphi = 0deg  dphi = 360deg  nsides = 4  nz = 3
   0th plane:  z = -500mm rin = 100mm rout = 400mm
   1th plane:  z = 100mm rin = 200mm rout = 200mm
   2th plane:  z = 400mm rin = 300mm rout = 500mm
VGM info:   Exporting volume:  11th  "phedra"  material: "Basic"
VGM info:      Exporting solid: 
VGM info:      Polygone  "phedraS"  sphi = 0deg  dphi = 360deg  nsides = 4  nz = 3
   0th plane:  z = 500mm rin = 100mm rout = 400mm
   1th plane:  z = -100mm rin = 200mm rout = 200mm
   2th plane:  z = -400mm rin = 300mm rout = 500mm
VGM info:   Exporting volume:  12th  "phedra_refl"  material: "Basic"
VGM info:      Exporting solid: 
VGM info:      Sphere  "sphereS"  rin = 200mm  rout = 600mm  sphi = 0deg  dphi = 360deg  stheta = 0deg  dtheta = 180deg
VGM info:   Exporting volume:  13th  "sphere"  material: "Basic"
VGM info:      Exporting solid: 
VGM info:      Sphere  "sphereS"  rin = 200mm  rout = 600mm  sphi = 0deg  dphi = 360deg  stheta = 0deg  dtheta = 180deg
VGM info:   Exporting volume:  14th  "sphere_refl"  material: "Basic"
VGM info:      Exporting solid: 
VGM info:      Torus  "torusS"  rin = 200mm  rout = 300mm  rtor = 400mm  sphi = 0deg  dphi = 360deg
VGM info:   Exporting volume:  15th  "torus"  material: "Basic"
VGM info:      Exporting solid: 
VGM info:      Torus  "torusS"  rin = 200mm  rout = 300mm  rtor = 400mm  sphi = 0deg  dphi = 360deg
VGM info:   Exporting volume:  16th  "torus_refl"  material: "Basic"
VGM info:      Exporting solid: 
VGM info:      Trap  "trapS"  hz = 300mm  theta = 25deg  phi = 35deg  hy1 = 200mm  hx1 = 100mm  hx2 = 150mm  alpha1 = 0deg  hy2 = 200mm  hx3 = 100mm  hx4 = 150mm  alpha2 = 0deg
VGM info:   Exporting volume:  17th  "trap"  material: "Basic"
VGM info:      Exporting solid: 
VGM info:      Trap  "trapS"  hz = 300mm  theta = -25deg  phi = -35deg  hy1 = 200mm  hx1 = 100mm  hx2 = 150mm  alpha1 = 0deg  hy2 = 200mm  hx3 = 100mm  hx4 = 150mm  alpha2 = 0deg
VGM info:   Exporting volume:  18th  "trap_refl"  material: "Basic"
VGM info:      Exporting solid: 
VGM info:      Trd  "trdS"  hx1 = 200mm  hx2 = 300mm  hy1 = 400mm  hy2 = 500mm  hz = 500mm
VGM info:   Exporting volume:  19th  "trd"  material: "Basic"
VGM info:      Exporting solid: 
VGM info:      Trd  "trdS"  hx1 = 300mm  hx2 = 200mm  hy1 = 500mm  hy2 = 400mm  hz = 500mm
VGM info:   Exporting volume:  20th  "trd_refl"  material: "Basic"
VGM info:      Exporting solid: 
VGM info:      Tubs  "tubsS"  rin = 200mm  rout = 400mm  hz = 500mm  sphi = 0deg  dphi = 360deg
VGM info:   Exporting volume:  21th  "tubs"  material: "Basic"
VGM info:      Exporting solid: 
VGM info:      Tubs  "tubsS"  rin = 200mm  rout = 400mm  hz = 500mm  sphi = 0deg  dphi = 360deg
VGM info:   Exporting volume:  22th  "tubs_refl"  material: "Basic"
VGM info:      Exporting solid: 
VGM info:      Ctubs  "tubs"  rin = 200mm  rout = 300mm  hz = 604.9mm  sphi = -30deg  dphi = 280deg  nlow = (0, 0.64, -0.77)  nhigh = (0, 0.09, 0.87)
VGM info:   Exporting volume:  23th  "ctubs"  material: "Basic"
VGM info:      Exporting solid: 
VGM info:      Boolean  "ctubsS"  Subtraction: 
  ConstituentA = Boolean  "boolean"  Subtraction: 
  ConstituentA = Tubs  "tubs"  rin = 200mm  rout = 300mm  hz = 904.121mm  sphi = -30deg  dphi = 280deg
  ConstituentB = Box  "boxLow"  hx = 843.746mm  hy = 843.746mm  hz = 468.117mm
  Displacement translation (object):  ( 0,  0,  -1213.6) mm 
  Displacement rotation (object):  (-140.268,  0,  0) deg    no reflectionZ
  ConstituentB = Box  "boxHigh"  hx = 658.394mm  hy = 658.394mm  hz = 361.921mm
  Displacement translation (object):  ( 0,  0,  968.753) mm 
  Displacement rotation (object):  (-5.90614,  -0,  0) deg    no reflectionZ
VGM info:      Exporting solid: 
VGM info:      Boolean  "boolean"  Subtraction: 
  ConstituentA = Tubs  "tubs"  rin = 200mm  rout = 300mm  hz = 904.121mm  sphi = -30deg  dphi = 280deg
  ConstituentB = Box  "boxLow"  hx = 843.746mm  hy = 843.746mm  hz = 468.117mm
  Displacement translation (object):  ( 0,  0,  -1213.6) mm 
  Displacement rotation (object):  (-140.268,  0,  0) deg    no reflectionZ
VGM info:      Exporting solid: 
VGM info:      Tubs  "tubs"  rin = 200mm  rout = 300mm  hz = 904.121mm  sphi = -30deg  dphi = 280deg
VGM info:      Exporting solid: 
VGM info:      Box  "boxLow"  hx = 843.746mm  hy = 843.746mm  hz = 468.117mm
VGM info:      Exporting solid: 
VGM info:      Box  "boxHigh"  hx = 658.394mm  hy = 658.394mm  hz = 361.921mm
VGM info:   Exporting volume:  24th  "ctubs_refl"  material: "Basic"
VGM info:      Exporting solid: 
VGM info:      Extruded  "xtruS"
Polygon,  8 vertices:
  (-300, -300)  (-300, 300)  (300, 300)  (300, -300)  (150, -300)  (150, 150)  (-150, 150)  (-150, -300) mm
Planes:
  z = -400 mm    x0 = -200 mm    y0 = 100 mm    scale= 1.5
  z = 100 mm    x0 = 0 mm    y0 = 0 mm    scale= 0.5
  z = 150 mm    x0 = 0 mm    y0 = 0 mm    scale= 0.7
  z = 400 mm    x0 = 200 mm    y0 = 200 mm    scale= 0.9

VGM info:   Exporting volume:  25th  "xtru1"  material: "Basic"
VGM info:      Exporting solid: 
VGM info:      Extruded  "xtruS"
Polygon,  8 vertices:
  (-300, -300)  (-300, 300)  (300, 300)  (300, -300)  (150, -300)  (150, 150)  (-150, 150)  (-150, -300) mm
Planes:
  z = -400 mm    x0 = 200 mm    y0 = 200 mm    scale= 0.9
  z = -150 mm    x0 = 0 mm    y0 = 0 mm    scale= 0.7
  z = -100 mm    x0 = 0 mm    y0 = 0 mm    scale= 0.5
  z = 400 mm    x0 = -200 mm    y0 = 100 mm    scale= 1.5

VGM info:   Exporting volume:  26th  "xtru1_refl"  material: "Basic"
VGM info:      Exporting solid: 
VGM info:      Extruded  "xtruS"
Polygon,  8 vertices:
  (-300, -300)  (-300, 300)  (300, 300)  (300, -300)  (150, -300)  (150, 150)  (-150, 150)  (-150, -300) mm
Planes:
  z = -400 mm    x0 = -200 mm    y0 = 100 mm    scale= 1.5
  z = 100 mm    x0 = 0 mm    y0 = 0 mm    scale= 0.5
  z = 100 mm    x0 = 0 mm    y0 = 0 mm    scale= 0.7
  z = 400 mm    x0 = 200 mm    y0 = 200 mm    scale= 0.9

VGM info:   Exporting volume:  27th  "xtru2"  material: "Basic"
VGM info:      Exporting solid: 
VGM info:      Boolean  "xtruS"  Union: 
  ConstituentA = Extruded  "xtruS"
Polygon,  8 vertices:
  (-300, -300)  (-300, 300)  (300, 300)  (300, -300)  (150, -300)  (150, 150)  (-150, 150)  (-150, -300) mm
Planes:
  z = -400 mm    x0 = -200 mm    y0 = 100 mm    scale= 1.5
  z = 100 mm    x0 = 0 mm    y0 = 0 mm    scale= 0.5

  ConstituentB = Extruded  "xtruS"
Polygon,  8 vertices:
  (-300, -300)  (-300, 300)  (300, 300)  (300, -300)  (150, -300)  (150, 150)  (-150, 150)  (-150, -300) mm
Planes:
  z = 100 mm    x0 = 0 mm    y0 = 0 mm    scale= 0.7
  z = 400 mm    x0 = 200 mm    y0 = 200 mm    scale= 0.9

  Displacement translation (object):  ( 0,  0,  0) mm 
  Displacement rotation (object):  (0,  -0,  0) deg    no reflectionZ
VGM info:      Exporting solid: 
VGM info:      Extruded  "xtruS"
Polygon,  8 vertices:
  (-300, -300)  (-300, 300)  (300, 300)  (300, -300)  (150, -300)  (150, 150)  (-150, 150)  (-150, -300) mm
Planes:
  z = -400 mm    x0 = -200 mm    y0 = 100 mm    scale= 1.5
  z = 100 mm    x0 = 0 mm    y0 = 0 mm    scale= 0.5

VGM info:      Exporting solid: 
VGM info:      Extruded  "xtruS"
Polygon,  8 vertices:
  (-300, -300)  (-300, 300)  (300, 300)  (300, -300)  (150, -300)  (150, 150)  (-150, 150)  (-150, -300) mm
Planes:
  z = 100 mm    x0 = 0 mm    y0 = 0 mm    scale= 0.7
  z = 400 mm    x0 = 200 mm    y0 = 200 mm    scale= 0.9

VGM info:   Exporting volume:  28th  "xtru2_refl"  material: "Basic"
VGM info:      Exporting solid: 
VGM info:      Hype  "hypeS"  r1 = 200mm  stereo1 = 30deg  r2 = 300mm  stereo1 = 40deg  hz = 500mm
VGM info:   Exporting volume:  29th  "hype"  material: "Basic"
VGM info:      Exporting solid: 
VGM info:      Hype  "hypeS"  r1 = 200mm  stereo1 = 30deg  r2 = 300mm  stereo1 = 40deg  hz = 500mm
VGM info:   Exporting volume:  30th  "hype_refl"  material: "Basic"
VGM info:      Exporting solid: 
VGM info:      Paraboloid  "paraboloidS"  r1 = 200mm  r2 = 450mm  hz = 500mm
VGM info:   Exporting volume:  31th  "paraboloid"  material: "Basic"
VGM info:      Exporting solid: 
VGM info:      Paraboloid  "paraboloidS"  r1 = 450mm  r2 = 200mm  hz = 500mm
VGM info:   Exporting volume:  32th  "paraboloid_refl"  material: "Basic"
VGM info:   ExportPlacements for 0th volume world
VGM info:      0th daughter vol = box  simple placement: box
VGM info:      1th daughter vol = box_refl  simple placement: box
VGM info:      2th daughter vol = cons  simple placement: cons
VGM info:      3th daughter vol = cons_refl  simple placement: cons
VGM info:      4th daughter vol = eltu  simple placement: eltu
VGM info:      5th daughter vol = eltu_refl  simple placement: eltu
VGM info:      6th daughter vol = para  simple placement: para
VGM info:      7th daughter vol = para_refl  simple placement: para
VGM info:      8th daughter vol = pcone  simple placement: pcone
VGM info:      9th daughter vol = pcone_refl  simple placement: pcone
VGM info:      10th daughter vol = phedra  simple placement: phedra
VGM info:      11th daughter vol = phedra_refl  simple placement: phedra
VGM info:      12th daughter vol = sphere  simple placement: sphere
VGM info:      13th daughter vol = sphere_refl  simple placement: sphere
VGM info:      14th daughter vol = torus  simple placement: torus
VGM info:      15th daughter vol = torus_refl  simple placement: torus
VGM info:      16th daughter vol = trap  simple placement: trap
VGM info:      17th daughter vol = trap_refl  simple placement: trap
VGM info:      18th daughter vol = trd  simple placement: trd
VGM info:      19th daughter vol = trd_refl  simple placement: trd
VGM info:      20th daughter vol = tubs  simple placement: tubs
VGM info:      21th daughter vol = tubs_refl  simple placement: tubs
VGM info:      22th daughter vol = ctubs  simple placement: ctubs
VGM info:      23th daughter vol = ctubs_refl  simple placement: ctubs
VGM info:      24th daughter vol = xtru1  simple placement: xtru1
VGM info:      25th daughter vol = xtru1_refl  simple placement: xtru1
VGM info:      26th daughter vol = xtru2  simple placement: xtru2
VGM info:      27th daughter vol = xtru2_refl  simple placement: xtru2
VGM info:      28th daughter vol = hype  simple placement: hype
VGM info:      29th daughter vol = hype_refl  simple placement: hype
VGM info:      30th daughter vol = paraboloid  simple placement: paraboloid
VGM info:      31th daughter vol = paraboloid_refl  simple placement: paraboloid
VGM info:   ExportPlacements for 1th volume box
VGM info:   ExportPlacements for 2th volume box_refl
VGM info:   ExportPlacements for 3th volume cons
VGM info:   ExportPlacements for 4th volume cons_refl
VGM info:   ExportPlacements for 5th volume eltu
VGM info:   ExportPlacements for 6th volume eltu_refl
VGM info:   ExportPlacements for 7th volume para
VGM info:   ExportPlacements for 8th volume para_refl
VGM info:   ExportPlacements for 9th volume pcone
VGM info:   ExportPlacements for 10th volume pcone_refl
VGM info:   ExportPlacements for 11th volume phedra
VGM info:   ExportPlacements for 12th volume phedra_refl
VGM info:   ExportPlacements for 13th volume sphere
VGM info:   ExportPlacements for 14th volume sphere_refl
VGM info:   ExportPlacements for 15th volume torus
VGM info:   ExportPlacements for 16th volume torus_refl
VGM info:   ExportPlacements for 17th volume trap
VGM info:   ExportPlacements for 18th volume trap_refl
VGM info:   ExportPlacements for 19th volume trd
VGM info:   ExportPlacements for 20th volume trd_refl
VGM info:   ExportPlacements for 21th volume tubs
VGM info:   ExportPlacements for 22th volume tubs_refl
VGM info:   ExportPlacements for 23th volume ctubs
VGM info:   ExportPlacements for 24th volume ctubs_refl
VGM info:   ExportPlacements for 25th volume xtru1
VGM info:   ExportPlacements for 26th volume xtru1_refl
VGM info:   ExportPlacements for 27th volume xtru2
VGM info:   ExportPlacements for 28th volume xtru2_refl
VGM info:   ExportPlacements for 29th volume hype
VGM info:   ExportPlacements for 30th volume hype_refl
VGM info:   ExportPlacements for 31th volume paraboloid
VGM info:   ExportPlacements for 32th volume paraboloid_refl
Info in <TGeoManager::SetTopVolume>: Top volume is world. Master volume is world
Info in <TGeoNavigator::BuildCache>: --- Maximum geometry depth set to 100
Export finished
Go to save Root geometry
Info in <TGeoManager::CheckGeometry>: Fixing runtime shapes...
Info in <TGeoManager::CheckGeometry>: ...Nothing to fix
Info in <TGeoManager::CloseGeometry>: Counting nodes...
Info in <TGeoManager::Voxelize>: Voxelizing...
Info in <TGeoManager::CloseGeometry>: Building cache...
Info in <TGeoManager::CountLevels>: max level = 1, max placements = 32
Info in <TGeoManager::CloseGeometry>: 33 nodes/ 33 volume UID's in VGM Root geometry
Info in <TGeoManager::CloseGeometry>: ----------------modeler ready----------------
Info in <TGeoManager::Export>: Exporting VGM Root geometry VGM Root geometry as root file. Optimizations streamed.
Visualization Manager instantiating with verbosity "warnings (3)"...
Visualization Manager initialising...
Registering graphics systems...

You have successfully registered the following graphics systems.
Current available graphics systems are:
  ASCIITree (ATree)
  DAWNFILE (DAWNFILE)
  G4HepRep (HepRepXML)
  G4HepRepFile (HepRepFile)
  OpenGLImmediateX (OGLI, OGLIX)
  OpenGLStoredX (OGL, OGLS, OGLSX)
  RayTracer (RayTracer)
  RayTracerX (RayTracerX)
  VRML1FILE (VRML1FILE)
  VRML2FILE (VRML2FILE)
  gMocrenFile (gMocrenFile)

Registering model factories...

You have successfully registered the following model factories.
Registered model factories:
  generic
  drawByCharge
  drawByParticleID
  drawByOriginVolume
  drawByAttribute

Registered filter factories:
  chargeFilter
  particleFilter
  originVolumeFilter
  attributeFilter

You have successfully registered the following user vis actions.
Run Duration User Vis Actions: none
End of Event User Vis Actions: none
End of Run User Vis Actions: none

Some /vis commands (optionally) take a string to specify colour.
Available colours:
  black, blue, brown, cyan, gray, green, grey, magenta, red, white, yellow

Graphics systems deleted.
Visualization Manager deleting...
